---
title: sanity • {{COMMIT}}-dirty • 3 files
---
flowchart LR
    n0["🪴 main.dart<br/>+8"]
    n1["🪴 math.dart<br/>+7"]
    n2["🪴 strings.dart<br/>+7"]

    n0 --> n1
    n0 --> n2

    classDef newFile fill:#87CEEB,stroke:#4682B4
    classDef testFile fill:#90EE90,stroke:#228B22,color:#000000
    class n0,n1,n2 newFile
