digraph dependencies {
  rankdir=LR;
  node [shape=box];
  label="sanity • {{COMMIT}}-dirty • 3 files";
  labelloc=t;
  labeljust=l;
  fontsize=10;
  fontname=Courier;

  "main.dart" [label="🪴 main.dart\n+8", style=filled, fillcolor=white];
  "math.dart" [label="🪴 math.dart\n+7", style=filled, fillcolor=white];
  "math.dart";
  "strings.dart" [label="🪴 strings.dart\n+7", style=filled, fillcolor=white];
  "strings.dart";

  "main.dart" -> "math.dart";
  "main.dart" -> "strings.dart";
}